// Jest Snapshot v1, https://goo.gl/fbAQLP

exports[`<Form /> renders the <Form /> with an error 1`] = `
<div
  class="form__Container-sc-1lrjxqq-0 jYyedc"
>
  <div
    class="form__Error-sc-1lrjxqq-1 dwYJLa"
  >
    Your email address is already being used
  </div>
  <button
    class="form__Submit-sc-1lrjxqq-8 egoLxC"
    type="submit"
  >
    Sign In
  </button>
</div>
`;
